#./src/main/resources/Entities.map
#Thu May 17 11:02:50 CEST 2018
question1=751
trashboxFolderAdministrator1=702
inboxFolderbusiness2=724
saleLine2=741
message3=729
inboxFolderbusiness1=720
rootFolderUser3=711
saleLine1=740
message2=728
rootFolderUser2=707
message1=727
rootFolderUser1=703
item2=736
item1=735
facturationData1=745
trashboxFolderbusiness2=726
shipmentAddress1=743
trashboxFolderbusiness1=722
review1=749
inboxFolderUser3=712
inboxFolderUser2=708
inboxFolderUser1=704
inboxFolderModerator1=716
ticket1=742
outboxFolderbusiness2=725
outboxFolderbusiness1=721
rootFolderModerator1=715
outboxFolderModerator1=717
business2=698
business1=697
admin=692
trashboxFolderUser3=714
auctionAdvertisement1=748
trashboxFolderUser2=710
trashboxFolderUser1=706
outboxFolderAdministrator1=701
trashboxFolderModerator1=718
shoppingCart3=739
shoppingCart2=738
shoppingCart1=737
Moderator1=693
expressAdvertisement1=747
userAccount7=690
config=691
userAccount6=689
userAccount5=688
userAccount4=687
userAccount3=686
shippingInfo1=744
report1=730
user3=696
userAccount2=685
user2=695
userAccount1=684
user1=694
businessInfo1=734
valoration1=731
inboxFolderAdministrator1=700
rootFolderAdministrator1=699
rootFolderbusiness2=723
rootFolderbusiness1=719
outboxFolderUser3=713
outboxFolderUser2=709
outboxFolderUser1=705
bid1=750
socialIdentity1=732
shopAdvertisement1=746
answer1=752
chat1=733
