#./src/main/resources/Entities.map
#Thu May 31 17:45:02 CEST 2018
saleLine3=1298
user3=1228
saleLine2=1297
user2=1227
saleLine1=1296
user1=1226
facturationData2=1287
item5=1277
outboxFolderUser3=1245
facturationData1=1286
item4=1276
outboxFolderUser2=1241
item3=1275
outboxFolderUser1=1237
item2=1274
trashboxFolderbusiness2=1258
item1=1273
trashboxFolderbusiness1=1254
inboxFolderModerator1=1248
rootFolderModerator1=1247
review1=1295
businessInfo1=1272
auctionAdvertisement3=1294
auctionAdvertisement2=1293
auctionAdvertisement1=1292
inboxFolderAdministrator1=1232
admin=1224
valoration5=1269
valoration4=1268
valoration3=1267
valoration2=1266
rootFolderAdministrator1=1231
valoration1=1265
inboxFolderUser3=1244
answer1=1301
inboxFolderUser2=1240
inboxFolderUser1=1236
shopAdvertisement2=1289
shopAdvertisement1=1288
rootFolderbusiness2=1255
rootFolderbusiness1=1251
report3=1264
report2=1263
report1=1262
ticket2=1282
ticket1=1281
outboxFolderbusiness2=1257
outboxFolderbusiness1=1253
config=1223
shoppingCart3=1280
shoppingCart2=1279
shoppingCart1=1278
rootFolderUser3=1243
outboxFolderModerator1=1249
rootFolderUser2=1239
rootFolderUser1=1235
shippingInfo1=1285
trashboxFolderAdministrator1=1234
question1=1300
Moderator1=1225
business2=1230
business1=1229
bid1=1299
message3=1261
message2=1260
message1=1259
trashboxFolderModerator1=1250
inboxFolderbusiness2=1256
inboxFolderbusiness1=1252
socialIdentity1=1270
shipmentAddress2=1284
expressAdvertisement2=1291
outboxFolderAdministrator1=1233
shipmentAddress1=1283
expressAdvertisement1=1290
chat1=1271
userAccount7=1222
trashboxFolderUser3=1246
userAccount6=1221
trashboxFolderUser2=1242
userAccount5=1220
trashboxFolderUser1=1238
userAccount4=1219
userAccount3=1218
userAccount2=1217
userAccount1=1216
