#./src/main/resources/Entities.map
#Wed May 30 23:54:32 CEST 2018
saleLine3=1229
user3=1161
saleLine2=1228
user2=1160
saleLine1=1227
user1=1159
facturationData2=1219
outboxFolderUser3=1178
facturationData1=1218
item4=1209
outboxFolderUser2=1174
item3=1208
outboxFolderUser1=1170
item2=1207
trashboxFolderbusiness2=1191
item1=1206
trashboxFolderbusiness1=1187
inboxFolderModerator1=1181
rootFolderModerator1=1180
review1=1226
businessInfo1=1205
auctionAdvertisement2=1225
auctionAdvertisement1=1224
inboxFolderAdministrator1=1165
admin=1157
valoration5=1202
valoration4=1201
valoration3=1200
valoration2=1199
rootFolderAdministrator1=1164
valoration1=1198
inboxFolderUser3=1177
answer1=1232
inboxFolderUser2=1173
inboxFolderUser1=1169
shopAdvertisement2=1221
shopAdvertisement1=1220
rootFolderbusiness2=1188
rootFolderbusiness1=1184
report3=1197
report2=1196
report1=1195
ticket2=1214
ticket1=1213
outboxFolderbusiness2=1190
outboxFolderbusiness1=1186
config=1156
shoppingCart3=1212
shoppingCart2=1211
shoppingCart1=1210
rootFolderUser3=1176
outboxFolderModerator1=1182
rootFolderUser2=1172
rootFolderUser1=1168
shippingInfo1=1217
trashboxFolderAdministrator1=1167
question1=1231
Moderator1=1158
business2=1163
business1=1162
bid1=1230
message3=1194
message2=1193
message1=1192
trashboxFolderModerator1=1183
inboxFolderbusiness2=1189
inboxFolderbusiness1=1185
socialIdentity1=1203
shipmentAddress2=1216
expressAdvertisement2=1223
outboxFolderAdministrator1=1166
shipmentAddress1=1215
expressAdvertisement1=1222
chat1=1204
userAccount7=1155
trashboxFolderUser3=1179
userAccount6=1154
trashboxFolderUser2=1175
userAccount5=1153
trashboxFolderUser1=1171
userAccount4=1152
userAccount3=1151
userAccount2=1150
userAccount1=1149
