#./src/main/resources/Entities.map
#Tue Jul 10 10:55:10 CEST 2018
saleLine3=1474
user3=1402
saleLine2=1473
user2=1401
saleLine1=1472
user1=1400
facturationData2=1463
item5=1453
facturationData1=1462
outboxFolderUser3=1419
item4=1452
outboxFolderUser2=1415
item3=1451
outboxFolderUser1=1411
item2=1450
trashboxFolderbusiness2=1432
item1=1449
trashboxFolderbusiness1=1428
inboxFolderModerator1=1422
rootFolderModerator1=1421
review1=1471
businessInfo1=1448
auctionAdvertisement3=1470
auctionAdvertisement2=1469
auctionAdvertisement1=1468
inboxFolderAdministrator1=1406
admin=1398
valoration5=1445
valoration4=1444
valoration2=1443
rootFolderAdministrator1=1405
valoration1=1442
inboxFolderUser3=1418
answer1=1478
inboxFolderUser2=1414
inboxFolderUser1=1410
shopAdvertisement2=1465
shopAdvertisement1=1464
report6=1441
rootFolderbusiness2=1429
report5=1440
rootFolderbusiness1=1425
report4=1439
report3=1438
report2=1437
report1=1436
ticket2=1458
ticket1=1457
outboxFolderbusiness2=1431
outboxFolderbusiness1=1427
config=1397
shoppingCart3=1456
shoppingCart2=1455
shoppingCart1=1454
rootFolderUser3=1417
outboxFolderModerator1=1423
rootFolderUser2=1413
rootFolderUser1=1409
shippingInfo1=1461
trashboxFolderAdministrator1=1408
question1=1477
Moderator1=1399
business2=1404
business1=1403
bid2=1476
bid1=1475
message3=1435
message2=1434
message1=1433
trashboxFolderModerator1=1424
inboxFolderbusiness2=1430
inboxFolderbusiness1=1426
socialIdentity1=1446
shipmentAddress2=1460
expressAdvertisement2=1467
outboxFolderAdministrator1=1407
shipmentAddress1=1459
expressAdvertisement1=1466
chat1=1447
userAccount7=1396
trashboxFolderUser3=1420
userAccount6=1395
trashboxFolderUser2=1416
userAccount5=1394
trashboxFolderUser1=1412
userAccount4=1393
userAccount3=1392
userAccount2=1391
userAccount1=1390
